
> yakebda-ms@0.1.0 api:test
> npm --workspace @ykms/api run test


> @ykms/api@0.1.0 test
> vitest run


[1m[46m RUN [49m[22m [36mv4.1.0 [39m[90m/home/runner/work/yakebda-ms/yakebda-ms/apps/api[39m

 [31m❯[39m tests/ykms-02g.test.ts [2m([22m[2m0 test[22m[2m)[22m
 [31m❯[39m tests/settings-architecture.test.ts [2m([22m[2m0 test[22m[2m)[22m
 [31m❯[39m tests/mvp.test.ts [2m([22m[2m0 test[22m[2m)[22m
 [31m❯[39m tests/ykms-02f.test.ts [2m([22m[2m0 test[22m[2m)[22m
 [31m❯[39m tests/security.test.ts [2m([22m[2m0 test[22m[2m)[22m
 [31m❯[39m tests/foundation.test.ts [2m([22m[2m0 test[22m[2m)[22m
 [31m❯[39m tests/security-scope.test.ts [2m([22m[2m0 test[22m[2m)[22m
 [31m❯[39m tests/order-pricing.test.ts [2m([22m[2m0 test[22m[2m)[22m
 [31m❯[39m tests/settings.test.ts [2m([22m[2m0 test[22m[2m)[22m
 [31m❯[39m tests/order-sources.test.ts [2m([22m[2m0 test[22m[2m)[22m
 [31m❯[39m tests/order-integrity.test.ts [2m([22m[2m0 test[22m[2m)[22m
 [31m❯[39m tests/order-numbering.test.ts [2m([22m[2m0 test[22m[2m)[22m

[31m⎯⎯⎯⎯⎯⎯[39m[1m[41m Failed Suites 12 [49m[22m[31m⎯⎯⎯⎯⎯⎯[39m

[41m[1m FAIL [22m[49m tests/foundation.test.ts[2m [ tests/foundation.test.ts ][22m
[41m[1m FAIL [22m[49m tests/mvp.test.ts[2m [ tests/mvp.test.ts ][22m
[41m[1m FAIL [22m[49m tests/security.test.ts[2m [ tests/security.test.ts ][22m
[41m[1m FAIL [22m[49m tests/settings-architecture.test.ts[2m [ tests/settings-architecture.test.ts ][22m
[41m[1m FAIL [22m[49m tests/settings.test.ts[2m [ tests/settings.test.ts ][22m
[41m[1m FAIL [22m[49m tests/ykms-02f.test.ts[2m [ tests/ykms-02f.test.ts ][22m
[41m[1m FAIL [22m[49m tests/ykms-02g.test.ts[2m [ tests/ykms-02g.test.ts ][22m
[31m[1mTypeError[22m: sourceSchema.omit is not a function[39m
[36m [2m❯[22m src/modules/orderSources.ts:[2m36:4[22m[39m
    [90m 34|[39m
    [90m 35|[39m [35mconst[39m sourcePatchSchema [33m=[39m sourceSchema
    [90m 36|[39m   [33m.[39m[34momit[39m({ copy_from_source_id[33m:[39m [35mtrue[39m })
    [90m   |[39m    [31m^[39m
    [90m 37|[39m   [33m.[39m[34mpartial[39m()
    [90m 38|[39m   [33m.[39m[34mrefine[39m(
[90m [2m❯[22m src/db/seedData.ts:[2m4:1[22m[39m
[90m [2m❯[22m src/db/migrations/20260710_008_ykms_02f_operational_ui.ts:[2m2:1[22m[39m

[31m[2m⎯⎯⎯⎯⎯⎯⎯⎯⎯⎯⎯⎯⎯⎯⎯⎯⎯⎯⎯⎯⎯⎯⎯[1/12]⎯[22m[39m

[41m[1m FAIL [22m[49m tests/order-integrity.test.ts[2m [ tests/order-integrity.test.ts ][22m
[41m[1m FAIL [22m[49m tests/order-numbering.test.ts[2m [ tests/order-numbering.test.ts ][22m
[41m[1m FAIL [22m[49m tests/order-pricing.test.ts[2m [ tests/order-pricing.test.ts ][22m
[41m[1m FAIL [22m[49m tests/order-sources.test.ts[2m [ tests/order-sources.test.ts ][22m
[41m[1m FAIL [22m[49m tests/security-scope.test.ts[2m [ tests/security-scope.test.ts ][22m
[31m[1mTypeError[22m: sourceSchema.omit is not a function[39m
[36m [2m❯[22m src/modules/orderSources.ts:[2m36:4[22m[39m
    [90m 34|[39m
    [90m 35|[39m [35mconst[39m sourcePatchSchema [33m=[39m sourceSchema
    [90m 36|[39m   [33m.[39m[34momit[39m({ copy_from_source_id[33m:[39m [35mtrue[39m })
    [90m   |[39m    [31m^[39m
    [90m 37|[39m   [33m.[39m[34mpartial[39m()
    [90m 38|[39m   [33m.[39m[34mrefine[39m(
[90m [2m❯[22m src/modules/menu.ts:[2m11:1[22m[39m
[90m [2m❯[22m src/app.ts:[2m14:1[22m[39m

[31m[2m⎯⎯⎯⎯⎯⎯⎯⎯⎯⎯⎯⎯⎯⎯⎯⎯⎯⎯⎯⎯⎯⎯⎯[2/12]⎯[22m[39m


[2m Test Files [22m [1m[31m12 failed[39m[22m[90m (12)[39m
[2m      Tests [22m [2mno tests[22m
[2m   Start at [22m 15:47:08
[2m   Duration [22m 5.02s[2m (transform 376ms, setup 0ms, import 0ms, tests 0ms, environment 1ms)[22m


::error file=/home/runner/work/yakebda-ms/yakebda-ms/apps/api/src/modules/orderSources.ts,title=tests/foundation.test.ts,line=36,column=4::TypeError: sourceSchema.omit is not a function%0A ❯ src/modules/orderSources.ts:36:4%0A ❯ src/db/seedData.ts:4:1%0A ❯ src/db/migrations/20260710_008_ykms_02f_operational_ui.ts:2:1%0A%0A

::error file=/home/runner/work/yakebda-ms/yakebda-ms/apps/api/src/modules/orderSources.ts,title=tests/mvp.test.ts,line=36,column=4::TypeError: sourceSchema.omit is not a function%0A ❯ src/modules/orderSources.ts:36:4%0A ❯ src/db/seedData.ts:4:1%0A ❯ src/db/migrations/20260710_008_ykms_02f_operational_ui.ts:2:1%0A%0A

::error file=/home/runner/work/yakebda-ms/yakebda-ms/apps/api/src/modules/orderSources.ts,title=tests/order-integrity.test.ts,line=36,column=4::TypeError: sourceSchema.omit is not a function%0A ❯ src/modules/orderSources.ts:36:4%0A ❯ src/modules/menu.ts:11:1%0A ❯ src/app.ts:14:1%0A%0A

::error file=/home/runner/work/yakebda-ms/yakebda-ms/apps/api/src/modules/orderSources.ts,title=tests/order-numbering.test.ts,line=36,column=4::TypeError: sourceSchema.omit is not a function%0A ❯ src/modules/orderSources.ts:36:4%0A ❯ src/modules/menu.ts:11:1%0A ❯ src/app.ts:14:1%0A%0A

::error file=/home/runner/work/yakebda-ms/yakebda-ms/apps/api/src/modules/orderSources.ts,title=tests/order-pricing.test.ts,line=36,column=4::TypeError: sourceSchema.omit is not a function%0A ❯ src/modules/orderSources.ts:36:4%0A ❯ src/modules/menu.ts:11:1%0A ❯ src/app.ts:14:1%0A%0A

::error file=/home/runner/work/yakebda-ms/yakebda-ms/apps/api/src/modules/orderSources.ts,title=tests/order-sources.test.ts,line=36,column=4::TypeError: sourceSchema.omit is not a function%0A ❯ src/modules/orderSources.ts:36:4%0A ❯ src/modules/menu.ts:11:1%0A ❯ src/app.ts:14:1%0A%0A

::error file=/home/runner/work/yakebda-ms/yakebda-ms/apps/api/src/modules/orderSources.ts,title=tests/security-scope.test.ts,line=36,column=4::TypeError: sourceSchema.omit is not a function%0A ❯ src/modules/orderSources.ts:36:4%0A ❯ src/modules/menu.ts:11:1%0A ❯ src/app.ts:14:1%0A%0A

::error file=/home/runner/work/yakebda-ms/yakebda-ms/apps/api/src/modules/orderSources.ts,title=tests/security.test.ts,line=36,column=4::TypeError: sourceSchema.omit is not a function%0A ❯ src/modules/orderSources.ts:36:4%0A ❯ src/db/seedData.ts:4:1%0A ❯ src/db/migrations/20260710_008_ykms_02f_operational_ui.ts:2:1%0A%0A

::error file=/home/runner/work/yakebda-ms/yakebda-ms/apps/api/src/modules/orderSources.ts,title=tests/settings-architecture.test.ts,line=36,column=4::TypeError: sourceSchema.omit is not a function%0A ❯ src/modules/orderSources.ts:36:4%0A ❯ src/db/seedData.ts:4:1%0A ❯ src/db/migrations/20260710_008_ykms_02f_operational_ui.ts:2:1%0A%0A

::error file=/home/runner/work/yakebda-ms/yakebda-ms/apps/api/src/modules/orderSources.ts,title=tests/settings.test.ts,line=36,column=4::TypeError: sourceSchema.omit is not a function%0A ❯ src/modules/orderSources.ts:36:4%0A ❯ src/db/seedData.ts:4:1%0A ❯ src/db/migrations/20260710_008_ykms_02f_operational_ui.ts:2:1%0A%0A

::error file=/home/runner/work/yakebda-ms/yakebda-ms/apps/api/src/modules/orderSources.ts,title=tests/ykms-02f.test.ts,line=36,column=4::TypeError: sourceSchema.omit is not a function%0A ❯ src/modules/orderSources.ts:36:4%0A ❯ src/db/seedData.ts:4:1%0A ❯ src/db/migrations/20260710_008_ykms_02f_operational_ui.ts:2:1%0A%0A

::error file=/home/runner/work/yakebda-ms/yakebda-ms/apps/api/src/modules/orderSources.ts,title=tests/ykms-02g.test.ts,line=36,column=4::TypeError: sourceSchema.omit is not a function%0A ❯ src/modules/orderSources.ts:36:4%0A ❯ src/db/seedData.ts:4:1%0A ❯ src/db/migrations/20260710_008_ykms_02f_operational_ui.ts:2:1%0A%0A
npm error Lifecycle script `test` failed with error:
npm error code 1
npm error path /home/runner/work/yakebda-ms/yakebda-ms/apps/api
npm error workspace @ykms/api@0.1.0
npm error location /home/runner/work/yakebda-ms/yakebda-ms/apps/api
npm error command failed
npm error command sh -c vitest run
